    After |   Peak Mem |    Before |   Peak Mem ||    Change || Change (mem) | % Change | % Change (mem) | File Name                                     
---------------------------------------------------------------------------------------------------------------------------------------------------------
20m46.07s | 3302508 ko | 23m06.31s | 3307052 ko || -2m20.24s ||     -4544 ko |  -10.11% |         -0.13% | Total Time / Peak Mem                         
---------------------------------------------------------------------------------------------------------------------------------------------------------
 3m22.96s | 3302508 ko |  3m37.80s | 3307052 ko || -0m14.84s ||     -4544 ko |   -6.81% |         -0.13% | Specific/NISTP256/AMD64/femul                 
 4m16.77s | 1617000 ko |  5m16.83s | 1621500 ko || -1m00.06s ||     -4500 ko |  -18.95% |         -0.27% | Specific/X25519/C64/ladderstep                
 3m01.77s | 1589516 ko |  3m27.94s | 1656912 ko || -0m26.17s ||    -67396 ko |  -12.58% |         -4.06% | Specific/solinas32_2e255m765_13limbs/femul    
 2m35.79s | 1454696 ko |  2m59.21s | 1549104 ko || -0m23.42s ||    -94408 ko |  -13.06% |         -6.09% | Specific/solinas32_2e255m765_12limbs/femul    
 0m34.35s |  828104 ko |  0m36.42s |  826476 ko || -0m02.07s ||      1628 ko |   -5.68% |         +0.19% | Specific/X25519/C64/freeze                    
 0m39.72s |  825448 ko |  0m42.98s |  839624 ko || -0m03.26s ||    -14176 ko |   -7.58% |         -1.68% | Specific/X25519/C64/femul                     
 0m33.08s |  799620 ko |  0m35.23s |  802776 ko || -0m02.15s ||     -3156 ko |   -6.10% |         -0.39% | Specific/X25519/C64/fesquare                  
 0m38.19s |  799216 ko |  0m40.48s |  797944 ko || -0m02.29s ||      1272 ko |   -5.65% |         +0.15% | Specific/NISTP256/AMD64/feadd                 
 0m43.34s |  793376 ko |  0m43.78s |  799668 ko || -0m00.44s ||     -6292 ko |   -1.00% |         -0.78% | Specific/NISTP256/AMD64/fesub                 
 0m27.11s |  786052 ko |  0m28.85s |  787148 ko || -0m01.74s ||     -1096 ko |   -6.03% |         -0.13% | Specific/X25519/C64/fecarry                   
 0m24.71s |  778792 ko |  0m26.11s |  781808 ko || -0m01.40s ||     -3016 ko |   -5.36% |         -0.38% | Specific/X25519/C64/fesub                     
 0m22.81s |  766300 ko |  0m23.43s |  766168 ko || -0m00.62s ||       132 ko |   -2.64% |         +0.01% | Specific/X25519/C64/feadd                     
 0m31.00s |  765208 ko |  0m32.08s |  765212 ko || -0m01.08s ||        -4 ko |   -3.36% |         -0.00% | Specific/NISTP256/AMD64/feopp                 
 0m27.81s |  756080 ko |  0m28.91s |  756216 ko || -0m01.10s ||      -136 ko |   -3.80% |         -0.01% | Specific/NISTP256/AMD64/fenz                  
 0m49.44s |  744240 ko |  0m49.50s |  744472 ko || -0m00.06s ||      -232 ko |   -0.12% |         -0.03% | Specific/solinas32_2e255m765_13limbs/Synthesis
 0m40.13s |  728464 ko |  0m39.53s |  729464 ko || +0m00.60s ||     -1000 ko |   +1.51% |         -0.13% | Specific/solinas32_2e255m765_12limbs/Synthesis
 0m11.15s |  687760 ko |  0m11.23s |  687812 ko || -0m00.08s ||       -52 ko |   -0.71% |         -0.00% | Specific/X25519/C64/Synthesis                 
 0m13.45s |  668216 ko |  0m13.74s |  667664 ko || -0m00.29s ||       552 ko |   -2.11% |         +0.08% | Specific/NISTP256/AMD64/Synthesis             
 0m01.85s |  646300 ko |  0m01.95s |  648632 ko || -0m00.10s ||     -2332 ko |   -5.12% |         -0.35% | Specific/Framework/SynthesisFramework         
 0m07.33s |  574388 ko |  0m07.40s |  578344 ko || -0m00.07s ||     -3956 ko |   -0.94% |         -0.68% | Compilers/Z/Bounds/Pipeline/Definition        
 0m01.93s |  544172 ko |  0m01.73s |  546112 ko || +0m00.20s ||     -1940 ko |  +11.56% |         -0.35% | Compilers/Z/Bounds/Pipeline/ReflectiveTactics 
 0m01.38s |  539808 ko |  0m01.18s |  539160 ko || +0m00.20s ||       648 ko |  +16.94% |         +0.12% | Compilers/Z/Bounds/Pipeline                   
